001/100: 4.649s status=200 verified=True reason=OK
002/100: 6.520s status=200 verified=True reason=OK
003/100: 5.506s status=200 verified=True reason=OK
004/100: 5.332s status=200 verified=True reason=OK
005/100: 5.391s status=200 verified=True reason=OK
006/100: 5.486s status=200 verified=True reason=OK
007/100: 5.004s status=200 verified=True reason=OK
008/100: 5.183s status=200 verified=True reason=OK
009/100: 4.958s status=200 verified=True reason=OK
010/100: 4.760s status=200 verified=True reason=OK
011/100: 5.156s status=200 verified=True reason=OK
012/100: 5.718s status=200 verified=True reason=OK
013/100: 5.835s status=200 verified=True reason=OK
014/100: 5.657s status=200 verified=True reason=OK
015/100: 5.207s status=200 verified=True reason=OK
016/100: 5.161s status=200 verified=True reason=OK
017/100: 4.934s status=200 verified=True reason=OK
018/100: 5.179s status=200 verified=True reason=OK
019/100: 4.678s status=200 verified=True reason=OK
020/100: 5.774s status=200 verified=True reason=OK
021/100: 5.882s status=200 verified=True reason=OK
022/100: 6.176s status=200 verified=True reason=OK
023/100: 6.124s status=200 verified=True reason=OK
024/100: 4.999s status=200 verified=True reason=OK
025/100: 5.524s status=200 verified=True reason=OK
026/100: 4.671s status=200 verified=True reason=OK
027/100: 5.671s status=200 verified=True reason=OK
028/100: 5.149s status=200 verified=True reason=OK
029/100: 5.107s status=200 verified=True reason=OK
030/100: 5.786s status=200 verified=True reason=OK
031/100: 6.034s status=200 verified=True reason=OK
032/100: 5.187s status=200 verified=True reason=OK
033/100: 5.804s status=200 verified=True reason=OK
034/100: 5.652s status=200 verified=True reason=OK
035/100: 5.642s status=200 verified=True reason=OK
036/100: 5.308s status=200 verified=True reason=OK
037/100: 5.306s status=200 verified=True reason=OK
038/100: 4.789s status=200 verified=True reason=OK
039/100: 5.275s status=200 verified=True reason=OK
040/100: 5.116s status=200 verified=True reason=OK
041/100: 5.085s status=200 verified=True reason=OK
042/100: 4.549s status=200 verified=True reason=OK
043/100: 5.860s status=200 verified=True reason=OK
044/100: 5.045s status=200 verified=True reason=OK
045/100: 5.817s status=200 verified=True reason=OK
046/100: 4.770s status=200 verified=True reason=OK
047/100: 6.454s status=200 verified=True reason=OK
048/100: 5.175s status=200 verified=True reason=OK
049/100: 6.022s status=200 verified=True reason=OK
050/100: 5.258s status=200 verified=True reason=OK
051/100: 5.753s status=200 verified=True reason=OK
052/100: 5.446s status=200 verified=True reason=OK
053/100: 5.082s status=200 verified=True reason=OK
054/100: 5.491s status=200 verified=True reason=OK
055/100: 5.361s status=200 verified=True reason=OK
056/100: 4.880s status=200 verified=True reason=OK
057/100: 6.035s status=200 verified=True reason=OK
058/100: 5.690s status=200 verified=True reason=OK
059/100: 5.140s status=200 verified=True reason=OK
060/100: 4.997s status=200 verified=True reason=OK
061/100: 6.214s status=200 verified=True reason=OK
062/100: 5.463s status=200 verified=True reason=OK
063/100: 6.120s status=200 verified=True reason=OK
064/100: 5.049s status=200 verified=True reason=OK
065/100: 4.814s status=200 verified=True reason=OK
066/100: 5.514s status=200 verified=True reason=OK
067/100: 5.141s status=200 verified=True reason=OK
068/100: 5.133s status=200 verified=True reason=OK
069/100: 4.948s status=200 verified=True reason=OK
070/100: 5.401s status=200 verified=True reason=OK
071/100: 6.362s status=200 verified=True reason=OK
072/100: 6.048s status=200 verified=True reason=OK
073/100: 5.413s status=200 verified=True reason=OK
074/100: 4.982s status=200 verified=True reason=OK
075/100: 6.178s status=200 verified=True reason=OK
076/100: 4.869s status=200 verified=True reason=OK
077/100: 5.588s status=200 verified=True reason=OK
078/100: 5.436s status=200 verified=True reason=OK
079/100: 5.292s status=200 verified=True reason=OK
080/100: 5.293s status=200 verified=True reason=OK
081/100: 5.466s status=200 verified=True reason=OK
082/100: 5.180s status=200 verified=True reason=OK
083/100: 5.538s status=200 verified=True reason=OK
084/100: 5.696s status=200 verified=True reason=OK
085/100: 5.684s status=200 verified=True reason=OK
086/100: 5.233s status=200 verified=True reason=OK
087/100: 5.496s status=200 verified=True reason=OK
088/100: 5.632s status=200 verified=True reason=OK
089/100: 5.039s status=200 verified=True reason=OK
090/100: 5.273s status=200 verified=True reason=OK
091/100: 4.706s status=200 verified=True reason=OK
092/100: 5.324s status=200 verified=True reason=OK
093/100: 5.115s status=200 verified=True reason=OK
094/100: 5.072s status=200 verified=True reason=OK
095/100: 4.789s status=200 verified=True reason=OK
096/100: 4.703s status=200 verified=True reason=OK
097/100: 5.642s status=200 verified=True reason=OK
098/100: 4.768s status=200 verified=True reason=OK
099/100: 5.647s status=200 verified=True reason=OK
100/100: 4.965s status=200 verified=True reason=OK

Frame sampling: 10
Requests: 100

Latency:
Average: 5.374 sec
Median: 5.307 sec
P95: 6.176 sec
Min: 4.549 sec
Max: 6.520 sec

CPU (target process and child processes):
Average: 1296.100 %
Peak: 1391.056 %

RAM (target process and child processes):
Average peak-per-request: 731.856 MB
Peak: 740.172 MB

GPU:
Average utilization: 7.476 %
Peak utilization: 14.073 %
Average peak memory: 1049.181 MB
Peak memory: 1104.875 MB

Verification results:
Verified: 100/100
Failed: 0/100

Reason codes:
OK: 100

Notes:
- Input video frame rate is unchanged; server sampling is 10 frames.
- CPU/RAM are measured for --pid and its child processes when psutil is available.
- CPU process usage is calculated from process CPU-time deltas; 100% represents one fully utilized CPU core.
- GPU utilization and memory are device-level when NVIDIA NVML is available; they are not process-specific.
- CPU/RAM values require --pid; without it they are unavailable rather than system-wide estimates.
- Missing metrics are reported as unavailable; no values are fabricated.
- Detailed per-request results: benchmark_results\10frames_genuine\benchmark_100_requests.csv

CSV: benchmark_results\10frames_genuine\benchmark_100_requests.csv
Summary: benchmark_results\10frames_genuine\benchmark_100_summary.txt
