001/100: 5.328s status=200 verified=False reason=SPOOF_SUSPECTED
002/100: 5.749s status=200 verified=False reason=SPOOF_SUSPECTED
003/100: 5.537s status=200 verified=False reason=SPOOF_SUSPECTED
004/100: 5.940s status=200 verified=False reason=SPOOF_SUSPECTED
005/100: 5.599s status=200 verified=False reason=SPOOF_SUSPECTED
006/100: 6.334s status=200 verified=False reason=SPOOF_SUSPECTED
007/100: 5.969s status=200 verified=False reason=SPOOF_SUSPECTED
008/100: 5.484s status=200 verified=False reason=SPOOF_SUSPECTED
009/100: 4.940s status=200 verified=False reason=SPOOF_SUSPECTED
010/100: 6.153s status=200 verified=False reason=SPOOF_SUSPECTED
011/100: 5.591s status=200 verified=False reason=SPOOF_SUSPECTED
012/100: 6.096s status=200 verified=False reason=SPOOF_SUSPECTED
013/100: 5.791s status=200 verified=False reason=SPOOF_SUSPECTED
014/100: 5.404s status=200 verified=False reason=SPOOF_SUSPECTED
015/100: 5.460s status=200 verified=False reason=SPOOF_SUSPECTED
016/100: 5.535s status=200 verified=False reason=SPOOF_SUSPECTED
017/100: 5.751s status=200 verified=False reason=SPOOF_SUSPECTED
018/100: 5.709s status=200 verified=False reason=SPOOF_SUSPECTED
019/100: 5.647s status=200 verified=False reason=SPOOF_SUSPECTED
020/100: 5.514s status=200 verified=False reason=SPOOF_SUSPECTED
021/100: 5.236s status=200 verified=False reason=SPOOF_SUSPECTED
022/100: 5.454s status=200 verified=False reason=SPOOF_SUSPECTED
023/100: 6.176s status=200 verified=False reason=SPOOF_SUSPECTED
024/100: 5.560s status=200 verified=False reason=SPOOF_SUSPECTED
025/100: 5.336s status=200 verified=False reason=SPOOF_SUSPECTED
026/100: 6.107s status=200 verified=False reason=SPOOF_SUSPECTED
027/100: 5.745s status=200 verified=False reason=SPOOF_SUSPECTED
028/100: 5.524s status=200 verified=False reason=SPOOF_SUSPECTED
029/100: 5.345s status=200 verified=False reason=SPOOF_SUSPECTED
030/100: 5.261s status=200 verified=False reason=SPOOF_SUSPECTED
031/100: 6.720s status=200 verified=False reason=SPOOF_SUSPECTED
032/100: 5.296s status=200 verified=False reason=SPOOF_SUSPECTED
033/100: 6.351s status=200 verified=False reason=SPOOF_SUSPECTED
034/100: 5.763s status=200 verified=False reason=SPOOF_SUSPECTED
035/100: 5.764s status=200 verified=False reason=SPOOF_SUSPECTED
036/100: 5.879s status=200 verified=False reason=SPOOF_SUSPECTED
037/100: 5.204s status=200 verified=False reason=SPOOF_SUSPECTED
038/100: 5.218s status=200 verified=False reason=SPOOF_SUSPECTED
039/100: 6.126s status=200 verified=False reason=SPOOF_SUSPECTED
040/100: 5.769s status=200 verified=False reason=SPOOF_SUSPECTED
041/100: 5.184s status=200 verified=False reason=SPOOF_SUSPECTED
042/100: 4.665s status=200 verified=False reason=SPOOF_SUSPECTED
043/100: 5.446s status=200 verified=False reason=SPOOF_SUSPECTED
044/100: 5.208s status=200 verified=False reason=SPOOF_SUSPECTED
045/100: 5.347s status=200 verified=False reason=SPOOF_SUSPECTED
046/100: 4.607s status=200 verified=False reason=SPOOF_SUSPECTED
047/100: 5.052s status=200 verified=False reason=SPOOF_SUSPECTED
048/100: 5.846s status=200 verified=False reason=SPOOF_SUSPECTED
049/100: 4.913s status=200 verified=False reason=SPOOF_SUSPECTED
050/100: 5.501s status=200 verified=False reason=SPOOF_SUSPECTED
051/100: 5.766s status=200 verified=False reason=SPOOF_SUSPECTED
052/100: 5.562s status=200 verified=False reason=SPOOF_SUSPECTED
053/100: 7.763s status=200 verified=False reason=SPOOF_SUSPECTED
054/100: 5.946s status=200 verified=False reason=SPOOF_SUSPECTED
055/100: 5.561s status=200 verified=False reason=SPOOF_SUSPECTED
056/100: 5.660s status=200 verified=False reason=SPOOF_SUSPECTED
057/100: 5.349s status=200 verified=False reason=SPOOF_SUSPECTED
058/100: 5.780s status=200 verified=False reason=SPOOF_SUSPECTED
059/100: 5.721s status=200 verified=False reason=SPOOF_SUSPECTED
060/100: 5.925s status=200 verified=False reason=SPOOF_SUSPECTED
061/100: 5.407s status=200 verified=False reason=SPOOF_SUSPECTED
062/100: 4.992s status=200 verified=False reason=SPOOF_SUSPECTED
063/100: 5.782s status=200 verified=False reason=SPOOF_SUSPECTED
064/100: 5.777s status=200 verified=False reason=SPOOF_SUSPECTED
065/100: 6.069s status=200 verified=False reason=SPOOF_SUSPECTED
066/100: 5.565s status=200 verified=False reason=SPOOF_SUSPECTED
067/100: 4.881s status=200 verified=False reason=SPOOF_SUSPECTED
068/100: 5.671s status=200 verified=False reason=SPOOF_SUSPECTED
069/100: 6.058s status=200 verified=False reason=SPOOF_SUSPECTED
070/100: 5.624s status=200 verified=False reason=SPOOF_SUSPECTED
071/100: 5.367s status=200 verified=False reason=SPOOF_SUSPECTED
072/100: 5.689s status=200 verified=False reason=SPOOF_SUSPECTED
073/100: 5.258s status=200 verified=False reason=SPOOF_SUSPECTED
074/100: 5.951s status=200 verified=False reason=SPOOF_SUSPECTED
075/100: 5.768s status=200 verified=False reason=SPOOF_SUSPECTED
076/100: 5.794s status=200 verified=False reason=SPOOF_SUSPECTED
077/100: 5.022s status=200 verified=False reason=SPOOF_SUSPECTED
078/100: 5.054s status=200 verified=False reason=SPOOF_SUSPECTED
079/100: 5.871s status=200 verified=False reason=SPOOF_SUSPECTED
080/100: 5.548s status=200 verified=False reason=SPOOF_SUSPECTED
081/100: 5.824s status=200 verified=False reason=SPOOF_SUSPECTED
082/100: 5.964s status=200 verified=False reason=SPOOF_SUSPECTED
083/100: 6.333s status=200 verified=False reason=SPOOF_SUSPECTED
084/100: 5.038s status=200 verified=False reason=SPOOF_SUSPECTED
085/100: 6.759s status=200 verified=False reason=SPOOF_SUSPECTED
086/100: 5.246s status=200 verified=False reason=SPOOF_SUSPECTED
087/100: 4.948s status=200 verified=False reason=SPOOF_SUSPECTED
088/100: 5.254s status=200 verified=False reason=SPOOF_SUSPECTED
089/100: 6.028s status=200 verified=False reason=SPOOF_SUSPECTED
090/100: 5.638s status=200 verified=False reason=SPOOF_SUSPECTED
091/100: 4.959s status=200 verified=False reason=SPOOF_SUSPECTED
092/100: 6.046s status=200 verified=False reason=SPOOF_SUSPECTED
093/100: 5.260s status=200 verified=False reason=SPOOF_SUSPECTED
094/100: 5.686s status=200 verified=False reason=SPOOF_SUSPECTED
095/100: 5.245s status=200 verified=False reason=SPOOF_SUSPECTED
096/100: 6.015s status=200 verified=False reason=SPOOF_SUSPECTED
097/100: 5.497s status=200 verified=False reason=SPOOF_SUSPECTED
098/100: 5.794s status=200 verified=False reason=SPOOF_SUSPECTED
099/100: 5.279s status=200 verified=False reason=SPOOF_SUSPECTED
100/100: 5.454s status=200 verified=False reason=SPOOF_SUSPECTED

Frame sampling: 10
Requests: 100

Latency:
Average: 5.616 sec
Median: 5.595 sec
P95: 6.333 sec
Min: 4.607 sec
Max: 7.763 sec

CPU (target process and child processes):
Average: 1286.883 %
Peak: 1417.212 %

RAM (target process and child processes):
Average peak-per-request: 690.772 MB
Peak: 781.996 MB

GPU:
Average utilization: 6.050 %
Peak utilization: 16.622 %
Average peak memory: 1067.862 MB
Peak memory: 1092.000 MB

Verification results:
Verified: 0/100
Failed: 100/100

Reason codes:
SPOOF_SUSPECTED: 100

Notes:
- Input video frame rate is unchanged; server sampling is 10 frames.
- CPU/RAM are measured for --pid and its child processes when psutil is available.
- CPU process usage is calculated from process CPU-time deltas; 100% represents one fully utilized CPU core.
- GPU utilization and memory are device-level when NVIDIA NVML is available; they are not process-specific.
- CPU/RAM values require --pid; without it they are unavailable rather than system-wide estimates.
- Missing metrics are reported as unavailable; no values are fabricated.
- Detailed per-request results: benchmark_results\10frames_spoof\benchmark_100_requests.csv

CSV: benchmark_results\10frames_spoof\benchmark_100_requests.csv
Summary: benchmark_results\10frames_spoof\benchmark_100_summary.txt
