001/100: 6.105s status=200 verified=True reason=OK
002/100: 5.342s status=200 verified=True reason=OK
003/100: 5.635s status=200 verified=True reason=OK
004/100: 5.686s status=200 verified=True reason=OK
005/100: 5.357s status=200 verified=True reason=OK
006/100: 5.262s status=200 verified=True reason=OK
007/100: 5.559s status=200 verified=True reason=OK
008/100: 5.134s status=200 verified=True reason=OK
009/100: 5.574s status=200 verified=True reason=OK
010/100: 6.199s status=200 verified=True reason=OK
011/100: 5.783s status=200 verified=True reason=OK
012/100: 5.692s status=200 verified=True reason=OK
013/100: 5.227s status=200 verified=True reason=OK
014/100: 5.972s status=200 verified=True reason=OK
015/100: 5.267s status=200 verified=True reason=OK
016/100: 5.576s status=200 verified=True reason=OK
017/100: 5.638s status=200 verified=True reason=OK
018/100: 5.353s status=200 verified=True reason=OK
019/100: 6.573s status=200 verified=True reason=OK
020/100: 5.625s status=200 verified=True reason=OK
021/100: 5.230s status=200 verified=True reason=OK
022/100: 5.651s status=200 verified=True reason=OK
023/100: 5.517s status=200 verified=True reason=OK
024/100: 4.901s status=200 verified=True reason=OK
025/100: 5.223s status=200 verified=True reason=OK
026/100: 5.299s status=200 verified=True reason=OK
027/100: 4.996s status=200 verified=True reason=OK
028/100: 5.722s status=200 verified=True reason=OK
029/100: 5.925s status=200 verified=True reason=OK
030/100: 5.218s status=200 verified=True reason=OK
031/100: 5.098s status=200 verified=True reason=OK
032/100: 5.878s status=200 verified=True reason=OK
033/100: 4.927s status=200 verified=True reason=OK
034/100: 5.092s status=200 verified=True reason=OK
035/100: 5.286s status=200 verified=True reason=OK
036/100: 5.195s status=200 verified=True reason=OK
037/100: 5.080s status=200 verified=True reason=OK
038/100: 5.671s status=200 verified=True reason=OK
039/100: 4.988s status=200 verified=True reason=OK
040/100: 5.780s status=200 verified=True reason=OK
041/100: 4.999s status=200 verified=True reason=OK
042/100: 5.467s status=200 verified=True reason=OK
043/100: 6.648s status=200 verified=True reason=OK
044/100: 6.195s status=200 verified=True reason=OK
045/100: 5.878s status=200 verified=True reason=OK
046/100: 5.133s status=200 verified=True reason=OK
047/100: 6.078s status=200 verified=True reason=OK
048/100: 4.957s status=200 verified=True reason=OK
049/100: 5.674s status=200 verified=True reason=OK
050/100: 5.303s status=200 verified=True reason=OK
051/100: 4.680s status=200 verified=True reason=OK
052/100: 4.971s status=200 verified=True reason=OK
053/100: 5.011s status=200 verified=True reason=OK
054/100: 5.787s status=200 verified=True reason=OK
055/100: 5.504s status=200 verified=True reason=OK
056/100: 5.285s status=200 verified=True reason=OK
057/100: 5.622s status=200 verified=True reason=OK
058/100: 6.139s status=200 verified=True reason=OK
059/100: 5.916s status=200 verified=True reason=OK
060/100: 5.957s status=200 verified=True reason=OK
061/100: 5.623s status=200 verified=True reason=OK
062/100: 5.398s status=200 verified=True reason=OK
063/100: 5.771s status=200 verified=True reason=OK
064/100: 5.305s status=200 verified=True reason=OK
065/100: 6.224s status=200 verified=True reason=OK
066/100: 6.655s status=200 verified=True reason=OK
067/100: 5.325s status=200 verified=True reason=OK
068/100: 5.574s status=200 verified=True reason=OK
069/100: 5.889s status=200 verified=True reason=OK
070/100: 6.380s status=200 verified=True reason=OK
071/100: 6.693s status=200 verified=True reason=OK
072/100: 6.006s status=200 verified=True reason=OK
073/100: 6.052s status=200 verified=True reason=OK
074/100: 5.208s status=200 verified=True reason=OK
075/100: 5.683s status=200 verified=True reason=OK
076/100: 5.163s status=200 verified=True reason=OK
077/100: 6.610s status=200 verified=True reason=OK
078/100: 5.543s status=200 verified=True reason=OK
079/100: 5.662s status=200 verified=True reason=OK
080/100: 5.464s status=200 verified=True reason=OK
081/100: 4.916s status=200 verified=True reason=OK
082/100: 5.062s status=200 verified=True reason=OK
083/100: 4.874s status=200 verified=True reason=OK
084/100: 6.666s status=200 verified=True reason=OK
085/100: 5.616s status=200 verified=True reason=OK
086/100: 5.280s status=200 verified=True reason=OK
087/100: 4.773s status=200 verified=True reason=OK
088/100: 5.390s status=200 verified=True reason=OK
089/100: 6.247s status=200 verified=True reason=OK
090/100: 4.954s status=200 verified=True reason=OK
091/100: 5.476s status=200 verified=True reason=OK
092/100: 5.692s status=200 verified=True reason=OK
093/100: 6.411s status=200 verified=True reason=OK
094/100: 7.782s status=200 verified=True reason=OK
095/100: 5.506s status=200 verified=True reason=OK
096/100: 6.018s status=200 verified=True reason=OK
097/100: 6.095s status=200 verified=True reason=OK
098/100: 5.136s status=200 verified=True reason=OK
099/100: 5.186s status=200 verified=True reason=OK
100/100: 5.581s status=200 verified=True reason=OK

Frame sampling: 12
Requests: 100

Latency:
Average: 5.593 sec
Median: 5.567 sec
P95: 6.612 sec
Min: 4.680 sec
Max: 7.782 sec

CPU (target process and child processes):
Average: 1334.293 %
Peak: 1422.987 %

RAM (target process and child processes):
Average peak-per-request: 742.965 MB
Peak: 756.965 MB

GPU:
Average utilization: 5.689 %
Peak utilization: 12.875 %
Average peak memory: 1056.401 MB
Peak memory: 1120.367 MB

Verification results:
Verified: 100/100
Failed: 0/100

Reason codes:
OK: 100

Notes:
- Input video frame rate is unchanged; server sampling is 12 frames.
- CPU/RAM are measured for --pid and its child processes when psutil is available.
- CPU process usage is calculated from process CPU-time deltas; 100% represents one fully utilized CPU core.
- GPU utilization and memory are device-level when NVIDIA NVML is available; they are not process-specific.
- CPU/RAM values require --pid; without it they are unavailable rather than system-wide estimates.
- Missing metrics are reported as unavailable; no values are fabricated.
- Detailed per-request results: benchmark_results\12frames_genuine\benchmark_100_requests.csv

CSV: benchmark_results\12frames_genuine\benchmark_100_requests.csv
Summary: benchmark_results\12frames_genuine\benchmark_100_summary.txt
