001/100: 5.691s status=200 verified=False reason=SPOOF_SUSPECTED
002/100: 5.959s status=200 verified=False reason=SPOOF_SUSPECTED
003/100: 6.581s status=200 verified=False reason=SPOOF_SUSPECTED
004/100: 6.166s status=200 verified=False reason=SPOOF_SUSPECTED
005/100: 6.846s status=200 verified=False reason=SPOOF_SUSPECTED
006/100: 6.847s status=200 verified=False reason=SPOOF_SUSPECTED
007/100: 6.510s status=200 verified=False reason=SPOOF_SUSPECTED
008/100: 6.173s status=200 verified=False reason=SPOOF_SUSPECTED
009/100: 5.990s status=200 verified=False reason=SPOOF_SUSPECTED
010/100: 6.768s status=200 verified=False reason=SPOOF_SUSPECTED
011/100: 6.681s status=200 verified=False reason=SPOOF_SUSPECTED
012/100: 5.390s status=200 verified=False reason=SPOOF_SUSPECTED
013/100: 6.804s status=200 verified=False reason=SPOOF_SUSPECTED
014/100: 5.876s status=200 verified=False reason=SPOOF_SUSPECTED
015/100: 6.693s status=200 verified=False reason=SPOOF_SUSPECTED
016/100: 5.392s status=200 verified=False reason=SPOOF_SUSPECTED
017/100: 5.264s status=200 verified=False reason=SPOOF_SUSPECTED
018/100: 6.682s status=200 verified=False reason=SPOOF_SUSPECTED
019/100: 5.460s status=200 verified=False reason=SPOOF_SUSPECTED
020/100: 7.436s status=200 verified=False reason=SPOOF_SUSPECTED
021/100: 6.178s status=200 verified=False reason=SPOOF_SUSPECTED
022/100: 5.735s status=200 verified=False reason=SPOOF_SUSPECTED
023/100: 5.843s status=200 verified=False reason=SPOOF_SUSPECTED
024/100: 5.879s status=200 verified=False reason=SPOOF_SUSPECTED
025/100: 5.660s status=200 verified=False reason=SPOOF_SUSPECTED
026/100: 6.039s status=200 verified=False reason=SPOOF_SUSPECTED
027/100: 6.656s status=200 verified=False reason=SPOOF_SUSPECTED
028/100: 6.172s status=200 verified=False reason=SPOOF_SUSPECTED
029/100: 6.541s status=200 verified=False reason=SPOOF_SUSPECTED
030/100: 5.515s status=200 verified=False reason=SPOOF_SUSPECTED
031/100: 5.592s status=200 verified=False reason=SPOOF_SUSPECTED
032/100: 6.398s status=200 verified=False reason=SPOOF_SUSPECTED
033/100: 6.227s status=200 verified=False reason=SPOOF_SUSPECTED
034/100: 6.158s status=200 verified=False reason=SPOOF_SUSPECTED
035/100: 5.586s status=200 verified=False reason=SPOOF_SUSPECTED
036/100: 5.685s status=200 verified=False reason=SPOOF_SUSPECTED
037/100: 5.571s status=200 verified=False reason=SPOOF_SUSPECTED
038/100: 6.146s status=200 verified=False reason=SPOOF_SUSPECTED
039/100: 6.724s status=200 verified=False reason=SPOOF_SUSPECTED
040/100: 5.998s status=200 verified=False reason=SPOOF_SUSPECTED
041/100: 5.665s status=200 verified=False reason=SPOOF_SUSPECTED
042/100: 5.994s status=200 verified=False reason=SPOOF_SUSPECTED
043/100: 8.066s status=200 verified=False reason=SPOOF_SUSPECTED
044/100: 6.068s status=200 verified=False reason=SPOOF_SUSPECTED
045/100: 7.215s status=200 verified=False reason=SPOOF_SUSPECTED
046/100: 5.605s status=200 verified=False reason=SPOOF_SUSPECTED
047/100: 6.996s status=200 verified=False reason=SPOOF_SUSPECTED
048/100: 6.501s status=200 verified=False reason=SPOOF_SUSPECTED
049/100: 5.490s status=200 verified=False reason=SPOOF_SUSPECTED
050/100: 6.075s status=200 verified=False reason=SPOOF_SUSPECTED
051/100: 6.655s status=200 verified=False reason=SPOOF_SUSPECTED
052/100: 6.590s status=200 verified=False reason=SPOOF_SUSPECTED
053/100: 6.051s status=200 verified=False reason=SPOOF_SUSPECTED
054/100: 6.386s status=200 verified=False reason=SPOOF_SUSPECTED
055/100: 6.576s status=200 verified=False reason=SPOOF_SUSPECTED
056/100: 6.346s status=200 verified=False reason=SPOOF_SUSPECTED
057/100: 5.986s status=200 verified=False reason=SPOOF_SUSPECTED
058/100: 7.214s status=200 verified=False reason=SPOOF_SUSPECTED
059/100: 5.642s status=200 verified=False reason=SPOOF_SUSPECTED
060/100: 6.376s status=200 verified=False reason=SPOOF_SUSPECTED
061/100: 6.579s status=200 verified=False reason=SPOOF_SUSPECTED
062/100: 5.923s status=200 verified=False reason=SPOOF_SUSPECTED
063/100: 6.677s status=200 verified=False reason=SPOOF_SUSPECTED
064/100: 5.930s status=200 verified=False reason=SPOOF_SUSPECTED
065/100: 6.695s status=200 verified=False reason=SPOOF_SUSPECTED
066/100: 5.875s status=200 verified=False reason=SPOOF_SUSPECTED
067/100: 5.892s status=200 verified=False reason=SPOOF_SUSPECTED
068/100: 6.286s status=200 verified=False reason=SPOOF_SUSPECTED
069/100: 5.743s status=200 verified=False reason=SPOOF_SUSPECTED
070/100: 6.736s status=200 verified=False reason=SPOOF_SUSPECTED
071/100: 6.121s status=200 verified=False reason=SPOOF_SUSPECTED
072/100: 6.118s status=200 verified=False reason=SPOOF_SUSPECTED
073/100: 6.318s status=200 verified=False reason=SPOOF_SUSPECTED
074/100: 5.632s status=200 verified=False reason=SPOOF_SUSPECTED
075/100: 5.961s status=200 verified=False reason=SPOOF_SUSPECTED
076/100: 6.227s status=200 verified=False reason=SPOOF_SUSPECTED
077/100: 7.199s status=200 verified=False reason=SPOOF_SUSPECTED
078/100: 8.012s status=200 verified=False reason=SPOOF_SUSPECTED
079/100: 7.182s status=200 verified=False reason=SPOOF_SUSPECTED
080/100: 6.305s status=200 verified=False reason=SPOOF_SUSPECTED
081/100: 5.942s status=200 verified=False reason=SPOOF_SUSPECTED
082/100: 6.289s status=200 verified=False reason=SPOOF_SUSPECTED
083/100: 8.261s status=200 verified=False reason=SPOOF_SUSPECTED
084/100: 5.875s status=200 verified=False reason=SPOOF_SUSPECTED
085/100: 6.363s status=200 verified=False reason=SPOOF_SUSPECTED
086/100: 5.757s status=200 verified=False reason=SPOOF_SUSPECTED
087/100: 5.670s status=200 verified=False reason=SPOOF_SUSPECTED
088/100: 5.343s status=200 verified=False reason=SPOOF_SUSPECTED
089/100: 6.806s status=200 verified=False reason=SPOOF_SUSPECTED
090/100: 6.312s status=200 verified=False reason=SPOOF_SUSPECTED
091/100: 6.425s status=200 verified=False reason=SPOOF_SUSPECTED
092/100: 5.925s status=200 verified=False reason=SPOOF_SUSPECTED
093/100: 6.701s status=200 verified=False reason=SPOOF_SUSPECTED
094/100: 6.221s status=200 verified=False reason=SPOOF_SUSPECTED
095/100: 6.290s status=200 verified=False reason=SPOOF_SUSPECTED
096/100: 6.180s status=200 verified=False reason=SPOOF_SUSPECTED
097/100: 6.587s status=200 verified=False reason=SPOOF_SUSPECTED
098/100: 5.799s status=200 verified=False reason=SPOOF_SUSPECTED
099/100: 6.257s status=200 verified=False reason=SPOOF_SUSPECTED
100/100: 5.711s status=200 verified=False reason=SPOOF_SUSPECTED

Frame sampling: 12
Requests: 100

Latency:
Average: 6.251 sec
Median: 6.176 sec
P95: 7.214 sec
Min: 5.264 sec
Max: 8.261 sec

CPU (target process and child processes):
Average: 1290.841 %
Peak: 1382.993 %

RAM (target process and child processes):
Average peak-per-request: 646.154 MB
Peak: 656.879 MB

GPU:
Average utilization: 7.357 %
Peak utilization: 13.395 %
Average peak memory: 1009.700 MB
Peak memory: 1048.062 MB

Verification results:
Verified: 0/100
Failed: 100/100

Reason codes:
SPOOF_SUSPECTED: 100

Notes:
- Input video frame rate is unchanged; server sampling is 12 frames.
- CPU/RAM are measured for --pid and its child processes when psutil is available.
- CPU process usage is calculated from process CPU-time deltas; 100% represents one fully utilized CPU core.
- GPU utilization and memory are device-level when NVIDIA NVML is available; they are not process-specific.
- CPU/RAM values require --pid; without it they are unavailable rather than system-wide estimates.
- Missing metrics are reported as unavailable; no values are fabricated.
- Detailed per-request results: benchmark_results\12frames_spoof\benchmark_100_requests.csv

CSV: benchmark_results\12frames_spoof\benchmark_100_requests.csv
Summary: benchmark_results\12frames_spoof\benchmark_100_summary.txt
